0 verbose cli /Users/mac-domain/.nvm/versions/node/v24.10.0/bin/node /Users/mac-domain/.nvm/versions/node/v24.10.0/bin/npm
1 info using npm@11.6.1
2 info using node@v24.10.0
3 silly config load:file:/Users/mac-domain/.nvm/versions/node/v24.10.0/lib/node_modules/npm/npmrc
4 silly config load:file:/Users/mac-domain/Desktop/updateer-ai/.npmrc
5 silly config load:file:/Users/mac-domain/.npmrc
6 silly config load:file:/Users/mac-domain/.nvm/versions/node/v24.10.0/etc/npmrc
7 verbose title npm install
8 verbose argv "install" "--cache" "./.npm-cache"
9 verbose logfile logs-max:10 dir:/Users/mac-domain/Desktop/updateer-ai/.npm-cache/_logs/2026-01-26T06_19_41_915Z-
10 verbose logfile /Users/mac-domain/Desktop/updateer-ai/.npm-cache/_logs/2026-01-26T06_19_41_915Z-debug-0.log
11 silly logfile done cleaning log files
12 silly packumentCache heap:2348810240 maxSize:587202560 maxEntrySize:293601280
13 silly idealTree buildDeps
14 silly reify moves {}
15 silly audit bulk request {
15 silly audit   '@babel/code-frame': [ '7.28.6' ],
15 silly audit   '@babel/compat-data': [ '7.28.6' ],
15 silly audit   '@babel/core': [ '7.28.6' ],
15 silly audit   '@babel/generator': [ '7.28.6' ],
15 silly audit   '@babel/helper-compilation-targets': [ '7.28.6' ],
15 silly audit   '@babel/helper-globals': [ '7.28.0' ],
15 silly audit   '@babel/helper-module-imports': [ '7.28.6' ],
15 silly audit   '@babel/helper-module-transforms': [ '7.28.6' ],
15 silly audit   '@babel/helper-plugin-utils': [ '7.28.6' ],
15 silly audit   '@babel/helper-string-parser': [ '7.27.1' ],
15 silly audit   '@babel/helper-validator-identifier': [ '7.28.5' ],
15 silly audit   '@babel/helper-validator-option': [ '7.27.1' ],
15 silly audit   '@babel/helpers': [ '7.28.6' ],
15 silly audit   '@babel/parser': [ '7.28.6' ],
15 silly audit   '@babel/plugin-transform-react-jsx-self': [ '7.27.1' ],
15 silly audit   '@babel/plugin-transform-react-jsx-source': [ '7.27.1' ],
15 silly audit   '@babel/runtime': [ '7.28.6' ],
15 silly audit   '@babel/template': [ '7.28.6' ],
15 silly audit   '@babel/traverse': [ '7.28.6' ],
15 silly audit   '@babel/types': [ '7.28.6' ],
15 silly audit   '@esbuild/aix-ppc64': [ '0.21.5' ],
15 silly audit   '@esbuild/android-arm': [ '0.21.5' ],
15 silly audit   '@esbuild/android-arm64': [ '0.21.5' ],
15 silly audit   '@esbuild/android-x64': [ '0.21.5' ],
15 silly audit   '@esbuild/darwin-arm64': [ '0.21.5' ],
15 silly audit   '@esbuild/darwin-x64': [ '0.21.5' ],
15 silly audit   '@esbuild/freebsd-arm64': [ '0.21.5' ],
15 silly audit   '@esbuild/freebsd-x64': [ '0.21.5' ],
15 silly audit   '@esbuild/linux-arm': [ '0.21.5' ],
15 silly audit   '@esbuild/linux-arm64': [ '0.21.5' ],
15 silly audit   '@esbuild/linux-ia32': [ '0.21.5' ],
15 silly audit   '@esbuild/linux-loong64': [ '0.21.5' ],
15 silly audit   '@esbuild/linux-mips64el': [ '0.21.5' ],
15 silly audit   '@esbuild/linux-ppc64': [ '0.21.5' ],
15 silly audit   '@esbuild/linux-riscv64': [ '0.21.5' ],
15 silly audit   '@esbuild/linux-s390x': [ '0.21.5' ],
15 silly audit   '@esbuild/linux-x64': [ '0.21.5' ],
15 silly audit   '@esbuild/netbsd-x64': [ '0.21.5' ],
15 silly audit   '@esbuild/openbsd-x64': [ '0.21.5' ],
15 silly audit   '@esbuild/sunos-x64': [ '0.21.5' ],
15 silly audit   '@esbuild/win32-arm64': [ '0.21.5' ],
15 silly audit   '@esbuild/win32-ia32': [ '0.21.5' ],
15 silly audit   '@esbuild/win32-x64': [ '0.21.5' ],
15 silly audit   '@google/genai': [ '1.38.0' ],
15 silly audit   '@isaacs/cliui': [ '8.0.2' ],
15 silly audit   '@jridgewell/gen-mapping': [ '0.3.13' ],
15 silly audit   '@jridgewell/remapping': [ '2.3.5' ],
15 silly audit   '@jridgewell/resolve-uri': [ '3.1.2' ],
15 silly audit   '@jridgewell/sourcemap-codec': [ '1.5.5' ],
15 silly audit   '@jridgewell/trace-mapping': [ '0.3.31' ],
15 silly audit   '@pkgjs/parseargs': [ '0.11.0' ],
15 silly audit   '@protobufjs/aspromise': [ '1.1.2' ],
15 silly audit   '@protobufjs/base64': [ '1.1.2' ],
15 silly audit   '@protobufjs/codegen': [ '2.0.4' ],
15 silly audit   '@protobufjs/eventemitter': [ '1.1.0' ],
15 silly audit   '@protobufjs/fetch': [ '1.1.0' ],
15 silly audit   '@protobufjs/float': [ '1.0.2' ],
15 silly audit   '@protobufjs/inquire': [ '1.1.0' ],
15 silly audit   '@protobufjs/path': [ '1.1.2' ],
15 silly audit   '@protobufjs/pool': [ '1.1.0' ],
15 silly audit   '@protobufjs/utf8': [ '1.1.0' ],
15 silly audit   '@rolldown/pluginutils': [ '1.0.0-beta.27' ],
15 silly audit   '@rollup/rollup-android-arm-eabi': [ '4.56.0' ],
15 silly audit   '@rollup/rollup-android-arm64': [ '4.56.0' ],
15 silly audit   '@rollup/rollup-darwin-arm64': [ '4.56.0' ],
15 silly audit   '@rollup/rollup-darwin-x64': [ '4.56.0' ],
15 silly audit   '@rollup/rollup-freebsd-arm64': [ '4.56.0' ],
15 silly audit   '@rollup/rollup-freebsd-x64': [ '4.56.0' ],
15 silly audit   '@rollup/rollup-linux-arm-gnueabihf': [ '4.56.0' ],
15 silly audit   '@rollup/rollup-linux-arm-musleabihf': [ '4.56.0' ],
15 silly audit   '@rollup/rollup-linux-arm64-gnu': [ '4.56.0' ],
15 silly audit   '@rollup/rollup-linux-arm64-musl': [ '4.56.0' ],
15 silly audit   '@rollup/rollup-linux-loong64-gnu': [ '4.56.0' ],
15 silly audit   '@rollup/rollup-linux-loong64-musl': [ '4.56.0' ],
15 silly audit   '@rollup/rollup-linux-ppc64-gnu': [ '4.56.0' ],
15 silly audit   '@rollup/rollup-linux-ppc64-musl': [ '4.56.0' ],
15 silly audit   '@rollup/rollup-linux-riscv64-gnu': [ '4.56.0' ],
15 silly audit   '@rollup/rollup-linux-riscv64-musl': [ '4.56.0' ],
15 silly audit   '@rollup/rollup-linux-s390x-gnu': [ '4.56.0' ],
15 silly audit   '@rollup/rollup-linux-x64-gnu': [ '4.56.0' ],
15 silly audit   '@rollup/rollup-linux-x64-musl': [ '4.56.0' ],
15 silly audit   '@rollup/rollup-openbsd-x64': [ '4.56.0' ],
15 silly audit   '@rollup/rollup-openharmony-arm64': [ '4.56.0' ],
15 silly audit   '@rollup/rollup-win32-arm64-msvc': [ '4.56.0' ],
15 silly audit   '@rollup/rollup-win32-ia32-msvc': [ '4.56.0' ],
15 silly audit   '@rollup/rollup-win32-x64-gnu': [ '4.56.0' ],
15 silly audit   '@rollup/rollup-win32-x64-msvc': [ '4.56.0' ],
15 silly audit   '@types/babel__core': [ '7.20.5' ],
15 silly audit   '@types/babel__generator': [ '7.27.0' ],
15 silly audit   '@types/babel__template': [ '7.4.4' ],
15 silly audit   '@types/babel__traverse': [ '7.28.0' ],
15 silly audit   '@types/d3-array': [ '3.2.2' ],
15 silly audit   '@types/d3-color': [ '3.1.3' ],
15 silly audit   '@types/d3-ease': [ '3.0.2' ],
15 silly audit   '@types/d3-interpolate': [ '3.0.4' ],
15 silly audit   '@types/d3-path': [ '3.1.1' ],
15 silly audit   '@types/d3-scale': [ '4.0.9' ],
15 silly audit   '@types/d3-shape': [ '3.1.8' ],
15 silly audit   '@types/d3-time': [ '3.0.4' ],
15 silly audit   '@types/d3-timer': [ '3.0.2' ],
15 silly audit   '@types/estree': [ '1.0.8' ],
15 silly audit   '@types/node': [ '25.0.10' ],
15 silly audit   '@types/prop-types': [ '15.7.15' ],
15 silly audit   '@types/react': [ '18.3.27' ],
15 silly audit   '@types/react-dom': [ '18.3.7' ],
15 silly audit   '@vitejs/plugin-react': [ '4.7.0' ],
15 silly audit   'agent-base': [ '7.1.4' ],
15 silly audit   'ansi-regex': [ '6.2.2', '5.0.1' ],
15 silly audit   'ansi-styles': [ '6.2.3', '4.3.0' ],
15 silly audit   'balanced-match': [ '1.0.2' ],
15 silly audit   'base64-js': [ '1.5.1' ],
15 silly audit   'baseline-browser-mapping': [ '2.9.18' ],
15 silly audit   'bignumber.js': [ '9.3.1' ],
15 silly audit   'brace-expansion': [ '2.0.2' ],
15 silly audit   browserslist: [ '4.28.1' ],
15 silly audit   'buffer-equal-constant-time': [ '1.0.1' ],
15 silly audit   'caniuse-lite': [ '1.0.30001766' ],
15 silly audit   clsx: [ '2.1.1' ],
15 silly audit   'color-convert': [ '2.0.1' ],
15 silly audit   'color-name': [ '1.1.4' ],
15 silly audit   'convert-source-map': [ '2.0.0' ],
15 silly audit   'cross-spawn': [ '7.0.6' ],
15 silly audit   csstype: [ '3.2.3' ],
15 silly audit   'd3-array': [ '3.2.4' ],
15 silly audit   'd3-color': [ '3.1.0' ],
15 silly audit   'd3-ease': [ '3.0.1' ],
15 silly audit   'd3-format': [ '3.1.2' ],
15 silly audit   'd3-interpolate': [ '3.0.1' ],
15 silly audit   'd3-path': [ '3.1.0' ],
15 silly audit   'd3-scale': [ '4.0.2' ],
15 silly audit   'd3-shape': [ '3.2.0' ],
15 silly audit   'd3-time': [ '3.1.0' ],
15 silly audit   'd3-time-format': [ '4.1.0' ],
15 silly audit   'd3-timer': [ '3.0.1' ],
15 silly audit   'data-uri-to-buffer': [ '4.0.1' ],
15 silly audit   debug: [ '4.4.3' ],
15 silly audit   'decimal.js-light': [ '2.5.1' ],
15 silly audit   'dom-helpers': [ '5.2.1' ],
15 silly audit   eastasianwidth: [ '0.2.0' ],
15 silly audit   'ecdsa-sig-formatter': [ '1.0.11' ],
15 silly audit   'electron-to-chromium': [ '1.5.278' ],
15 silly audit   'emoji-regex': [ '9.2.2', '8.0.0' ],
15 silly audit   esbuild: [ '0.21.5' ],
15 silly audit   escalade: [ '3.2.0' ],
15 silly audit   eventemitter3: [ '4.0.7' ],
15 silly audit   extend: [ '3.0.2' ],
15 silly audit   'fast-equals': [ '5.4.0' ],
15 silly audit   'fetch-blob': [ '3.2.0' ],
15 silly audit   'foreground-child': [ '3.3.1' ],
15 silly audit   'formdata-polyfill': [ '4.0.10' ],
15 silly audit   fsevents: [ '2.3.3' ],
15 silly audit   gaxios: [ '7.1.3' ],
15 silly audit   'gcp-metadata': [ '8.1.2' ],
15 silly audit   gensync: [ '1.0.0-beta.2' ],
15 silly audit   glob: [ '10.5.0' ],
15 silly audit   'google-auth-library': [ '10.5.0' ],
15 silly audit   'google-logging-utils': [ '1.1.3' ],
15 silly audit   gtoken: [ '8.0.0' ],
15 silly audit   'https-proxy-agent': [ '7.0.6' ],
15 silly audit   internmap: [ '2.0.3' ],
15 silly audit   'is-fullwidth-code-point': [ '3.0.0' ],
15 silly audit   isexe: [ '2.0.0' ],
15 silly audit   jackspeak: [ '3.4.3' ],
15 silly audit   'js-tokens': [ '4.0.0' ],
15 silly audit   jsesc: [ '3.1.0' ],
15 silly audit   'json-bigint': [ '1.0.0' ],
15 silly audit   json5: [ '2.2.3' ],
15 silly audit   jwa: [ '2.0.1' ],
15 silly audit   jws: [ '4.0.1' ],
15 silly audit   lodash: [ '4.17.23' ],
15 silly audit   long: [ '5.3.2' ],
15 silly audit   'loose-envify': [ '1.4.0' ],
15 silly audit   'lru-cache': [ '5.1.1', '10.4.3' ],
15 silly audit   'lucide-react': [ '0.344.0' ],
15 silly audit   minimatch: [ '9.0.5' ],
15 silly audit   minipass: [ '7.1.2' ],
15 silly audit   ms: [ '2.1.3' ],
15 silly audit   nanoid: [ '3.3.11' ],
15 silly audit   'node-domexception': [ '1.0.0' ],
15 silly audit   'node-fetch': [ '3.3.2' ],
15 silly audit   'node-releases': [ '2.0.27' ],
15 silly audit   'object-assign': [ '4.1.1' ],
15 silly audit   'package-json-from-dist': [ '1.0.1' ],
15 silly audit   'path-key': [ '3.1.1' ],
15 silly audit   'path-scurry': [ '1.11.1' ],
15 silly audit   picocolors: [ '1.1.1' ],
15 silly audit   postcss: [ '8.5.6' ],
15 silly audit   'prop-types': [ '15.8.1' ],
15 silly audit   'react-is': [ '16.13.1', '18.3.1' ],
15 silly audit   protobufjs: [ '7.5.4' ],
15 silly audit   react: [ '18.3.1' ],
15 silly audit   'react-dom': [ '18.3.1' ],
15 silly audit   'react-refresh': [ '0.17.0' ],
15 silly audit   'react-smooth': [ '4.0.4' ],
15 silly audit   'react-transition-group': [ '4.4.5' ],
15 silly audit   recharts: [ '2.15.4' ],
15 silly audit   'recharts-scale': [ '0.4.5' ],
15 silly audit   rimraf: [ '5.0.10' ],
15 silly audit   rollup: [ '4.56.0' ],
15 silly audit   'safe-buffer': [ '5.2.1' ],
15 silly audit   scheduler: [ '0.23.2' ],
15 silly audit   semver: [ '6.3.1' ],
15 silly audit   'shebang-command': [ '2.0.0' ],
15 silly audit   'shebang-regex': [ '3.0.0' ],
15 silly audit   'signal-exit': [ '4.1.0' ],
15 silly audit   'source-map-js': [ '1.2.1' ],
15 silly audit   'string-width': [ '5.1.2', '4.2.3' ],
15 silly audit   'strip-ansi': [ '6.0.1', '7.1.2' ],
15 silly audit   'tiny-invariant': [ '1.3.3' ],
15 silly audit   typescript: [ '5.9.3' ],
15 silly audit   'undici-types': [ '7.16.0' ],
15 silly audit   'update-browserslist-db': [ '1.2.3' ],
15 silly audit   'victory-vendor': [ '36.9.2' ],
15 silly audit   vite: [ '5.4.21' ],
15 silly audit   'web-streams-polyfill': [ '3.3.3' ],
15 silly audit   which: [ '2.0.2' ],
15 silly audit   'wrap-ansi': [ '8.1.0', '7.0.0' ],
15 silly audit   ws: [ '8.19.0' ],
15 silly audit   yallist: [ '3.1.1' ]
15 silly audit }
16 http fetch POST 200 https://registry.npmjs.org/-/npm/v1/security/advisories/bulk 8293ms
17 silly audit report {
17 silly audit report   esbuild: [
17 silly audit report     {
17 silly audit report       id: 1102341,
17 silly audit report       url: 'https://github.com/advisories/GHSA-67mh-4wv8-2f99',
17 silly audit report       title: 'esbuild enables any website to send any requests to the development server and read the response',
17 silly audit report       severity: 'moderate',
17 silly audit report       vulnerable_versions: '<=0.24.2',
17 silly audit report       cwe: [Array],
17 silly audit report       cvss: [Object]
17 silly audit report     }
17 silly audit report   ]
17 silly audit report }
18 silly packumentCache corgi:https://registry.npmjs.org/esbuild cache-miss
19 http fetch GET 200 https://registry.npmjs.org/esbuild 1884ms (cache revalidated)
20 silly packumentCache corgi:https://registry.npmjs.org/esbuild set size:877737 disposed:false
21 silly packumentCache corgi:https://registry.npmjs.org/vite cache-miss
22 http fetch GET 200 https://registry.npmjs.org/vite 686ms (cache revalidated)
23 silly packumentCache corgi:https://registry.npmjs.org/vite set size:2172362 disposed:false
24 silly packumentCache corgi:https://registry.npmjs.org/@vitejs%2fplugin-react cache-miss
25 http fetch GET 200 https://registry.npmjs.org/@vitejs%2fplugin-react 843ms (cache revalidated)
26 silly packumentCache corgi:https://registry.npmjs.org/@vitejs%2fplugin-react set size:104872 disposed:false
27 verbose cwd /Users/mac-domain/Desktop/updateer-ai
28 verbose os Darwin 21.6.0
29 verbose node v24.10.0
30 verbose npm  v11.6.1
31 verbose exit 0
32 info ok
